$ cargo test stream_setup_failure_does_not_persist_user_message

[stdout]
running 1 test
test tests::stream_setup_failure_does_not_persist_user_message ... FAILED

failures:

---- tests::stream_setup_failure_does_not_persist_user_message stdout ----

thread 'tests::stream_setup_failure_does_not_persist_user_message' (95972) panicked at src\lib.rs:297:9:
assertion `left == right` failed
  left: 1
 right: 0
note: run with `RUST_BACKTRACE=1` environment variable to display a backtrace


failures:
    tests::stream_setup_failure_does_not_persist_user_message

test result: FAILED. 0 passed; 1 failed; 0 ignored; 0 measured; 9 filtered out; finished in 0.01s

[stderr]
Compiling gpt-copy-v4-backend v0.1.0 (E:\minima\codedungeon\examples\v4\backend)
    Finished `test` profile [unoptimized + debuginfo] target(s) in 5.00s
     Running unittests src\lib.rs (target\debug\deps\gpt_copy_v4_backend-ddcdaa7b66e4b073.exe)
error: test failed, to rerun pass `--lib`

[error]
exit status 101
