$ npm run test

[stdout]
> gpt-copy-v4-frontend@0.1.0 test
> vitest run


[1m[46m RUN [49m[22m [36mv3.2.4 [39m[90mE:/minima/codedungeon/examples/v4/frontend[39m

 [31m❯[39m components/ChatApp.test.tsx [2m([22m[2m3 tests[22m[2m | [22m[31m3 failed[39m[2m)[22m[32m 6[2mms[22m[39m
[31m   [31m×[31m ChatApp[2m > [22mrenders conversations and assistant markdown[39m[32m 3[2mms[22m[39m
[31m     → React is not defined[39m
[31m   [31m×[31m ChatApp[2m > [22mstreams a sent message through the composer[39m[32m 1[2mms[22m[39m
[31m     → React is not defined[39m
[31m   [31m×[31m ChatApp[2m > [22mshows a user-visible error when sending fails[39m[32m 0[2mms[22m[39m
[31m     → React is not defined[39m

[2m Test Files [22m [1m[31m2 failed[39m[22m[90m (2)[39m
[2m      Tests [22m [1m[31m3 failed[39m[22m[90m (3)[39m
[2m   Start at [22m 20:57:39
[2m   Duration [22m 2.87s[2m (transform 82ms, setup 146ms, collect 392ms, tests 6ms, environment 1.02s, prepare 121ms)[22m

[stderr]
[31m⎯⎯⎯⎯⎯⎯[39m[1m[41m Failed Suites 1 [49m[22m[31m⎯⎯⎯⎯⎯⎯⎯[39m

[41m[1m FAIL [22m[49m e2e/chat.spec.ts[2m [ e2e/chat.spec.ts ][22m
[31m[1mError[22m: Playwright Test did not expect test() to be called here.
Most common reasons include:
- You are calling test() in a configuration file.
- You are calling test() in a file that is imported by the configuration file.
- You have two different versions of @playwright/test. This usually happens
  when one of the dependencies in your package.json depends on @playwright/test.[39m
[90m [2m❯[22m TestTypeImpl._currentSuite node_modules/playwright/lib/common/testType.js:[2m75:13[22m[39m
[90m [2m❯[22m TestTypeImpl._createTest node_modules/playwright/lib/common/testType.js:[2m88:24[22m[39m
[90m [2m❯[22m node_modules/playwright/lib/transform/transform.js:[2m275:12[22m[39m
[36m [2m❯[22m e2e/chat.spec.ts:[2m9:1[22m[39m
    [90m  7| [39m}[33m;[39m
    [90m  8| [39m
    [90m  9| [39m[34mtest[39m([32m"sends a message through the chat UI"[39m[33m,[39m [35masync[39m ({ page }) [33m=>[39m {
    [90m   | [39m[31m^[39m
    [90m 10| [39m  [35mlet[39m hasConversation [33m=[39m [35mfalse[39m[33m;[39m
    [90m 11| [39m

[31m[2m⎯⎯⎯⎯⎯⎯⎯⎯⎯⎯⎯⎯⎯⎯⎯⎯⎯⎯⎯⎯⎯⎯⎯⎯[1/4]⎯[22m[39m


[31m⎯⎯⎯⎯⎯⎯⎯[39m[1m[41m Failed Tests 3 [49m[22m[31m⎯⎯⎯⎯⎯⎯⎯[39m

[41m[1m FAIL [22m[49m components/ChatApp.test.tsx[2m > [22mChatApp[2m > [22mrenders conversations and assistant markdown
[31m[1mReferenceError[22m: React is not defined[39m
[36m [2m❯[22m renderChat components/ChatApp.test.tsx:[2m38:5[22m[39m
    [90m 36| [39m
    [90m 37| [39m  [35mreturn[39m [34mrender[39m(
    [90m 38| [39m    [33m<[39m[33mQueryClientProvider[39m [33mclient[39m[33m=[39m[33m{[39mqueryClient[33m}[39m[33m>[39m
    [90m   | [39m    [31m^[39m
    [90m 39| [39m      [33m<[39m[33mChatApp[39m [33m/[39m[33m>[39m
    [90m 40| [39m    [33m<[39m[33m/[39m[33mQueryClientProvider[39m[33m>[39m[33m,[39m
[90m [2m❯[22m components/ChatApp.test.tsx:[2m71:5[22m[39m

[31m[2m⎯⎯⎯⎯⎯⎯⎯⎯⎯⎯⎯⎯⎯⎯⎯⎯⎯⎯⎯⎯⎯⎯⎯⎯[2/4]⎯[22m[39m

[41m[1m FAIL [22m[49m components/ChatApp.test.tsx[2m > [22mChatApp[2m > [22mstreams a sent message through the composer
[31m[1mReferenceError[22m: React is not defined[39m
[36m [2m❯[22m renderChat components/ChatApp.test.tsx:[2m38:5[22m[39m
    [90m 36| [39m
    [90m 37| [39m  [35mreturn[39m [34mrender[39m(
    [90m 38| [39m    [33m<[39m[33mQueryClientProvider[39m [33mclient[39m[33m=[39m[33m{[39mqueryClient[33m}[39m[33m>[39m
    [90m   | [39m    [31m^[39m
    [90m 39| [39m      [33m<[39m[33mChatApp[39m [33m/[39m[33m>[39m
    [90m 40| [39m    [33m<[39m[33m/[39m[33mQueryClientProvider[39m[33m>[39m[33m,[39m
[90m [2m❯[22m components/ChatApp.test.tsx:[2m80:5[22m[39m

[31m[2m⎯⎯⎯⎯⎯⎯⎯⎯⎯⎯⎯⎯⎯⎯⎯⎯⎯⎯⎯⎯⎯⎯⎯⎯[3/4]⎯[22m[39m

[41m[1m FAIL [22m[49m components/ChatApp.test.tsx[2m > [22mChatApp[2m > [22mshows a user-visible error when sending fails
[31m[1mReferenceError[22m: React is not defined[39m
[36m [2m❯[22m renderChat components/ChatApp.test.tsx:[2m38:5[22m[39m
    [90m 36| [39m
    [90m 37| [39m  [35mreturn[39m [34mrender[39m(
    [90m 38| [39m    [33m<[39m[33mQueryClientProvider[39m [33mclient[39m[33m=[39m[33m{[39mqueryClient[33m}[39m[33m>[39m
    [90m   | [39m    [31m^[39m
    [90m 39| [39m      [33m<[39m[33mChatApp[39m [33m/[39m[33m>[39m
    [90m 40| [39m    [33m<[39m[33m/[39m[33mQueryClientProvider[39m[33m>[39m[33m,[39m
[90m [2m❯[22m components/ChatApp.test.tsx:[2m100:5[22m[39m

[31m[2m⎯⎯⎯⎯⎯⎯⎯⎯⎯⎯⎯⎯⎯⎯⎯⎯⎯⎯⎯⎯⎯⎯⎯⎯[4/4]⎯[22m[39m

[error]
exit status 1
