$ npm run build

[stdout]
> gpt-copy-v4-frontend@0.1.0 build
> next build

   ▲ Next.js 15.5.15

   Creating an optimized production build ...
 ✓ Compiled successfully in 2.0s
   Linting and checking validity of types ...
   Collecting page data ...
   Generating static pages (0/4) ...
   Generating static pages (1/4) 
   Generating static pages (2/4) 
   Generating static pages (3/4) 
 ✓ Generating static pages (4/4)
   Finalizing page optimization ...
   Collecting build traces ...

Route (app)                                 Size  First Load JS
┌ ○ /                                      72 kB         174 kB
└ ○ /_not-found                            993 B         103 kB
+ First Load JS shared by all             102 kB
  ├ chunks/255-4f212684648fcab9.js         46 kB
  ├ chunks/4bd1b696-c023c6e3521b1417.js  54.2 kB
  └ other shared chunks (total)          1.97 kB


○  (Static)  prerendered as static content

[stderr]

